
Merging program properties

Removed property 0xc0000002 to merge vm86call.o (0x3) and lib/crt0.o (not found)
Removed property 0xc0000002 to merge vm86call.o (not found) and graphics.o (0x3)
Removed property 0xc0000002 to merge vm86call.o (not found) and main.o (0x3)
Removed property 0xc0000002 to merge vm86call.o (not found) and lib/sysconf.o (0x3)
Removed property 0xc0000002 to merge vm86call.o (not found) and lib/math.o (0x3)
Removed property 0xc0000002 to merge vm86call.o (not found) and lib/stdio.o (0x3)
Removed property 0xc0000002 to merge vm86call.o (not found) and lib/stdlib.o (0x3)
Removed property 0xc0000002 to merge vm86call.o (not found) and lib/qsort.o (0x3)
Removed property 0xc0000002 to merge vm86call.o (not found) and ../lib/softfloat.o (0x3)
Removed property 0xc0000002 to merge vm86call.o (not found) and ../lib/string.o (0x3)
Removed property 0xc0000002 to merge vm86call.o (not found) and ../lib/memcpy.o (0x3)
Removed property 0xc0000002 to merge vm86call.o (not found) and ../lib/memset.o (0x3)
Removed property 0xc0000002 to merge vm86call.o (not found) and ../lib/snprintf.o (0x3)
Removed property 0xc0000002 to merge vm86call.o (not found) and lib/malloc.o (0x3)
Removed property 0xc0000002 to merge vm86call.o (not found) and ../lib/tlsf/tlsf.o (0x3)

Allocating common symbols
Common symbol       size              file

_g_heap             0x4               lib/malloc.o

Discarded input sections

 .note.GNU-stack
                0x0000000000000000        0x0 vm86call.o
 .note.gnu.property
                0x0000000000000000       0x1c vm86call.o
 .note.GNU-stack
                0x0000000000000000        0x0 graphics.o
 .note.gnu.property
                0x0000000000000000       0x1c graphics.o
 .note.GNU-stack
                0x0000000000000000        0x0 main.o
 .note.gnu.property
                0x0000000000000000       0x1c main.o
 .note.GNU-stack
                0x0000000000000000        0x0 lib/sysconf.o
 .note.gnu.property
                0x0000000000000000       0x1c lib/sysconf.o
 .note.GNU-stack
                0x0000000000000000        0x0 lib/math.o
 .note.gnu.property
                0x0000000000000000       0x1c lib/math.o
 .note.GNU-stack
                0x0000000000000000        0x0 lib/stdio.o
 .note.gnu.property
                0x0000000000000000       0x1c lib/stdio.o
 .note.GNU-stack
                0x0000000000000000        0x0 lib/stdlib.o
 .note.gnu.property
                0x0000000000000000       0x1c lib/stdlib.o
 .note.GNU-stack
                0x0000000000000000        0x0 lib/qsort.o
 .note.gnu.property
                0x0000000000000000       0x1c lib/qsort.o
 .note.GNU-stack
                0x0000000000000000        0x0 ../lib/softfloat.o
 .note.gnu.property
                0x0000000000000000       0x1c ../lib/softfloat.o
 .note.GNU-stack
                0x0000000000000000        0x0 ../lib/string.o
 .note.gnu.property
                0x0000000000000000       0x1c ../lib/string.o
 .note.GNU-stack
                0x0000000000000000        0x0 ../lib/memcpy.o
 .note.gnu.property
                0x0000000000000000       0x1c ../lib/memcpy.o
 .note.GNU-stack
                0x0000000000000000        0x0 ../lib/memset.o
 .note.gnu.property
                0x0000000000000000       0x1c ../lib/memset.o
 .note.GNU-stack
                0x0000000000000000        0x0 ../lib/snprintf.o
 .note.gnu.property
                0x0000000000000000       0x1c ../lib/snprintf.o
 .note.GNU-stack
                0x0000000000000000        0x0 lib/malloc.o
 .note.gnu.property
                0x0000000000000000       0x1c lib/malloc.o
 .note.GNU-stack
                0x0000000000000000        0x0 ../lib/tlsf/tlsf.o
 .note.gnu.property
                0x0000000000000000       0x1c ../lib/tlsf/tlsf.o

Memory Configuration

Name             Origin             Length             Attributes
*default*        0x0000000000000000 0xffffffffffffffff

Linker script and memory map

LOAD lib/crt0.o
LOAD lib/setjmp.o
LOAD lib/syscall-wrapper.o
LOAD vm86call.o
LOAD graphics.o
LOAD main.o
LOAD lib/sysconf.o
LOAD lib/math.o
LOAD lib/stdio.o
LOAD lib/stdlib.o
LOAD lib/qsort.o
LOAD ../lib/softfloat.o
LOAD ../lib/string.o
LOAD ../lib/memcpy.o
LOAD ../lib/memset.o
LOAD ../lib/snprintf.o
LOAD lib/malloc.o
LOAD ../lib/tlsf/tlsf.o
                [!provide]                        PROVIDE (__executable_start = SEGMENT_START ("text-segment", 0x8048000))
                0x00000000080480f4                . = (SEGMENT_START ("text-segment", 0x8048000) + SIZEOF_HEADERS)

.interp
 *(.interp)

.note.gnu.build-id
                0x00000000080480f4       0x24
 *(.note.gnu.build-id)
 .note.gnu.build-id
                0x00000000080480f4       0x24 lib/crt0.o

.hash
 *(.hash)

.gnu.hash
 *(.gnu.hash)

.dynsym
 *(.dynsym)

.dynstr
 *(.dynstr)

.gnu.version
 *(.gnu.version)

.gnu.version_d
 *(.gnu.version_d)

.gnu.version_r
 *(.gnu.version_r)

.rel.dyn        0x0000000008048118        0x0
 *(.rel.init)
 *(.rel.text .rel.text.* .rel.gnu.linkonce.t.*)
 .rel.text      0x0000000008048118        0x0 lib/crt0.o
 *(.rel.fini)
 *(.rel.rodata .rel.rodata.* .rel.gnu.linkonce.r.*)
 *(.rel.data.rel.ro .rel.data.rel.ro.* .rel.gnu.linkonce.d.rel.ro.*)
 *(.rel.data .rel.data.* .rel.gnu.linkonce.d.*)
 *(.rel.tdata .rel.tdata.* .rel.gnu.linkonce.td.*)
 *(.rel.tbss .rel.tbss.* .rel.gnu.linkonce.tb.*)
 *(.rel.ctors)
 *(.rel.dtors)
 *(.rel.got)
 .rel.got       0x0000000008048118        0x0 lib/crt0.o
 *(.rel.bss .rel.bss.* .rel.gnu.linkonce.b.*)
 *(.rel.ifunc)

.rel.plt        0x0000000008048118        0x0
 *(.rel.plt)
                [!provide]                        PROVIDE (__rel_iplt_start = .)
 *(.rel.iplt)
 .rel.iplt      0x0000000008048118        0x0 lib/crt0.o
                [!provide]                        PROVIDE (__rel_iplt_end = .)
                0x0000000008049000                . = ALIGN (CONSTANT (MAXPAGESIZE))

.init
 *(SORT_NONE(.init))

.plt            0x0000000008049000        0x0
 *(.plt)
 *(.iplt)
 .iplt          0x0000000008049000        0x0 lib/crt0.o

.plt.got
 *(.plt.got)

.plt.sec
 *(.plt.sec)

.text           0x0000000008049000     0x4d40
 *(.text.unlikely .text.*_unlikely .text.unlikely.*)
 *(.text.exit .text.exit.*)
 *(.text.startup .text.startup.*)
 .text.startup  0x0000000008049000       0x49 main.o
                0x0000000008049000                _main
 *(.text.hot .text.hot.*)
 *(SORT_BY_NAME(.text.sorted.*))
 *(.text .stub .text.* .gnu.linkonce.t.*)
 .text          0x0000000008049049        0xa lib/crt0.o
                0x0000000008049049                _start
 .text          0x0000000008049053       0x38 lib/setjmp.o
                0x0000000008049053                _setjmp
                0x000000000804906d                _longjmp
 .text          0x000000000804908b       0x98 lib/syscall-wrapper.o
                0x000000000804908b                _task_exit
                0x0000000008049093                _task_create
                0x000000000804909b                _task_getid
                0x00000000080490a3                _task_yield
                0x00000000080490ab                _task_wait
                0x00000000080490b3                _reboot
                0x00000000080490bb                _mmap
                0x00000000080490c3                _munmap
                0x00000000080490cb                _sleep
                0x00000000080490d3                _nanosleep
                0x00000000080490db                _beep
                0x00000000080490e3                _vm86
                0x00000000080490eb                _putchar
                0x00000000080490f3                _getchar
                0x00000000080490fb                _recv
                0x0000000008049103                _send
                0x000000000804910b                _ioctl
                0x0000000008049113                _gettimeofday
                0x000000000804911b                _time
 *fill*         0x0000000008049123        0xd 
 .text          0x0000000008049130      0x125 vm86call.o
                0x0000000008049130                _vm86call
 *fill*         0x0000000008049255        0xb 
 .text          0x0000000008049260      0xba2 graphics.o
                0x0000000008049440                _list_graphic_modes
                0x0000000008049670                _init_graphic
                0x0000000008049980                _exit_graphic
                0x00000000080499c0                _setPixel
                0x0000000008049ca0                _line
 *fill*         0x0000000008049e02        0xe 
 .text          0x0000000008049e10       0x35 main.o
                0x0000000008049e10                ___main
 *fill*         0x0000000008049e45        0xb 
 .text          0x0000000008049e50       0x17 lib/sysconf.o
                0x0000000008049e50                _sysconf
 *fill*         0x0000000008049e67        0x9 
 .text          0x0000000008049e70      0x43b lib/math.o
                0x0000000008049e70                _fabs
                0x0000000008049e90                _floor
                0x0000000008049ee0                _ceil
                0x0000000008049f40                _sin
                0x0000000008049f50                _cos
                0x0000000008049f60                _sqrt
                0x0000000008049f70                _log2
                0x0000000008049f80                _atan2
                0x0000000008049f90                _tan
                0x0000000008049fa0                _cot
                0x0000000008049fb0                _pow
                0x000000000804a030                _exp
                0x000000000804a080                _log
                0x000000000804a0a0                _atan
 *fill*         0x000000000804a2ab        0x5 
 .text          0x000000000804a2b0      0x1e9 lib/stdio.o
                0x000000000804a2b0                _printf
                0x000000000804a320                _fprintf
                0x000000000804a390                _vprintf
                0x000000000804a400                _vfprintf
                0x000000000804a420                _vsprintf
                0x000000000804a450                _sprintf
                0x000000000804a480                _fputc
 *fill*         0x000000000804a499        0x7 
 .text          0x000000000804a4a0      0x6f9 lib/stdlib.o
                0x000000000804a4a0                _exit
                0x000000000804a4b0                _ldiv
                0x000000000804a500                _div
                0x000000000804a550                _rand_r
                0x000000000804a5d0                _rand
                0x000000000804a640                _srand
                0x000000000804a650                _strtol
                0x000000000804a8c0                _strtoul
                0x000000000804ab40                _atol
                0x000000000804ab60                _strdup
 *fill*         0x000000000804ab99        0x7 
 .text          0x000000000804aba0      0x919 lib/qsort.o
                0x000000000804aba0                _qsort
 *fill*         0x000000000804b4b9        0x7 
 .text          0x000000000804b4c0      0x2b5 ../lib/softfloat.o
                0x000000000804b5a0                ___udivmoddi4
                0x000000000804b5f0                ___divdi3
                0x000000000804b660                ___moddi3
                0x000000000804b6e0                ___udivdi3
                0x000000000804b730                ___umoddi3
 *fill*         0x000000000804b775        0xb 
 .text          0x000000000804b780      0x447 ../lib/string.o
                0x000000000804b780                _memcmp
                0x000000000804b7d0                _memmove
                0x000000000804b830                _memchr
                0x000000000804b860                _strcat
                0x000000000804b8a0                _strcmp
                0x000000000804b8e0                _strncmp
                0x000000000804b930                _strchr
                0x000000000804b970                _strrchr
                0x000000000804b9a0                _strstr
                0x000000000804ba60                _strcpy
                0x000000000804baa0                _strlen
                0x000000000804bad0                _strncpy
                0x000000000804bb20                _strcasecmp
                0x000000000804bb60                _strncasecmp
 *fill*         0x000000000804bbc7        0x9 
 .text          0x000000000804bbd0      0x5eb ../lib/memcpy.o
                0x000000000804bbd0                _memcpy
 *fill*         0x000000000804c1bb        0x5 
 .text          0x000000000804c1c0       0xb1 ../lib/memset.o
                0x000000000804c1c0                _memset
 *fill*         0x000000000804c271        0xf 
 .text          0x000000000804c280      0xe7c ../lib/snprintf.o
                0x000000000804d090                _vsnprintf
                0x000000000804d0c0                _snprintf
 *fill*         0x000000000804d0fc        0x4 
 .text          0x000000000804d100       0xba lib/malloc.o
                0x000000000804d100                _malloc
                0x000000000804d120                _calloc
                0x000000000804d160                _memalign
                0x000000000804d180                _realloc
                0x000000000804d1a0                _free
 *fill*         0x000000000804d1ba        0x6 
 .text          0x000000000804d1c0      0xb80 ../lib/tlsf/tlsf.o
                0x000000000804d5c0                _tlsf_check
                0x000000000804d720                _tlsf_walk_pool
                0x000000000804d790                _tlsf_block_size
                0x000000000804d7b0                _tlsf_check_pool
                0x000000000804d7f0                _tlsf_size
                0x000000000804d800                _tlsf_align_size
                0x000000000804d810                _tlsf_block_size_min
                0x000000000804d820                _tlsf_block_size_max
                0x000000000804d830                _tlsf_pool_overhead
                0x000000000804d840                _tlsf_alloc_overhead
                0x000000000804d850                _tlsf_add_pool
                0x000000000804d8b0                _tlsf_remove_pool
                0x000000000804d910                _tlsf_create
                0x000000000804d970                _tlsf_create_with_pool
                0x000000000804d9f0                _tlsf_destroy
                0x000000000804da00                _tlsf_get_pool
                0x000000000804da10                _tlsf_malloc
                0x000000000804da60                _tlsf_memalign
                0x000000000804dbb0                _tlsf_free
                0x000000000804dbd0                _tlsf_realloc
 *(.gnu.warning)

.fini
 *(SORT_NONE(.fini))
                [!provide]                        PROVIDE (__etext = .)
                [!provide]                        PROVIDE (_etext = .)
                [!provide]                        PROVIDE (etext = .)
                0x000000000804e000                . = ALIGN (CONSTANT (MAXPAGESIZE))
                0x000000000804e000                . = SEGMENT_START ("rodata-segment", (ALIGN (CONSTANT (MAXPAGESIZE)) + (. & (CONSTANT (MAXPAGESIZE) - 0x1))))

.rodata         0x000000000804e000      0x954
 *(.rodata .rodata.* .gnu.linkonce.r.*)
 .rodata.str1.4
                0x000000000804e000       0x2a vm86call.o
 *fill*         0x000000000804e02a        0x2 
 .rodata.str1.4
                0x000000000804e02c      0x16a graphics.o
 .rodata.str1.1
                0x000000000804e196       0x6b graphics.o
                                         0x6d (size before relaxing)
 *fill*         0x000000000804e201        0x3 
 .rodata        0x000000000804e204       0x84 graphics.o
 .rodata.str1.4
                0x000000000804e288       0x4f main.o
 *fill*         0x000000000804e2d7        0x9 
 .rodata        0x000000000804e2e0       0x40 lib/math.o
 .rodata.cst4   0x000000000804e320       0x14 lib/math.o
 *fill*         0x000000000804e334        0x4 
 .rodata.cst8   0x000000000804e338       0x78 lib/math.o
 *fill*         0x000000000804e3b0       0x10 
 .rodata        0x000000000804e3c0      0x100 ../lib/string.o
 .rodata        0x000000000804e4c0       0x20 ../lib/memcpy.o
 .rodata.str1.1
                0x000000000804e4e0       0x29 ../lib/snprintf.o
 *fill*         0x000000000804e509        0x3 
 .rodata        0x000000000804e50c      0x440 ../lib/snprintf.o
 .rodata.cst4   0x000000000804e94c        0x8 ../lib/snprintf.o

.rodata1
 *(.rodata1)

.eh_frame_hdr
 *(.eh_frame_hdr)
 *(.eh_frame_entry .eh_frame_entry.*)

.eh_frame       0x000000000804e954     0x165c
 *(.eh_frame)
 .eh_frame      0x000000000804e954       0x70 vm86call.o
 .eh_frame      0x000000000804e9c4      0x390 graphics.o
                                        0x3a8 (size before relaxing)
 .eh_frame      0x000000000804ed54       0x5c main.o
                                         0x74 (size before relaxing)
 .eh_frame      0x000000000804edb0       0x14 lib/sysconf.o
                                         0x2c (size before relaxing)
 .eh_frame      0x000000000804edc4      0x150 lib/math.o
                                        0x168 (size before relaxing)
 .eh_frame      0x000000000804ef14      0x17c lib/stdio.o
                                        0x194 (size before relaxing)
 .eh_frame      0x000000000804f090      0x1c0 lib/stdlib.o
                                        0x1d8 (size before relaxing)
 .eh_frame      0x000000000804f250      0x190 lib/qsort.o
                                        0x1a8 (size before relaxing)
 .eh_frame      0x000000000804f3e0      0x178 ../lib/softfloat.o
                                        0x190 (size before relaxing)
 .eh_frame      0x000000000804f558      0x228 ../lib/string.o
                                        0x240 (size before relaxing)
 .eh_frame      0x000000000804f780       0x70 ../lib/memcpy.o
                                         0x88 (size before relaxing)
 .eh_frame      0x000000000804f7f0       0x4c ../lib/memset.o
                                         0x64 (size before relaxing)
 .eh_frame      0x000000000804f83c      0x154 ../lib/snprintf.o
                                        0x16c (size before relaxing)
 .eh_frame      0x000000000804f990       0xc4 lib/malloc.o
                                         0xdc (size before relaxing)
 .eh_frame      0x000000000804fa54      0x55c ../lib/tlsf/tlsf.o
                                        0x574 (size before relaxing)
 *(.eh_frame.*)

.gcc_except_table
 *(.gcc_except_table .gcc_except_table.*)

.gnu_extab
 *(.gnu_extab*)

.exception_ranges
 *(.exception_ranges*)
                0x0000000008051000                . = DATA_SEGMENT_ALIGN (CONSTANT (MAXPAGESIZE), CONSTANT (COMMONPAGESIZE))

.eh_frame
 *(.eh_frame)
 *(.eh_frame.*)

.gnu_extab
 *(.gnu_extab)

.gcc_except_table
 *(.gcc_except_table .gcc_except_table.*)

.exception_ranges
 *(.exception_ranges*)

.tdata          0x0000000008051000        0x0
                [!provide]                        PROVIDE (__tdata_start = .)
 *(.tdata .tdata.* .gnu.linkonce.td.*)

.tbss
 *(.tbss .tbss.* .gnu.linkonce.tb.*)
 *(.tcommon)

.preinit_array  0x0000000008051000        0x0
                [!provide]                        PROVIDE (__preinit_array_start = .)
 *(.preinit_array)
                [!provide]                        PROVIDE (__preinit_array_end = .)

.init_array     0x0000000008051000        0x0
                [!provide]                        PROVIDE (__init_array_start = .)
 *(SORT_BY_INIT_PRIORITY(.init_array.*) SORT_BY_INIT_PRIORITY(.ctors.*))
 *(.init_array EXCLUDE_FILE(*crtend?.o *crtend.o *crtbegin?.o *crtbegin.o) .ctors)
                [!provide]                        PROVIDE (__init_array_end = .)

.fini_array     0x0000000008051000        0x0
                [!provide]                        PROVIDE (__fini_array_start = .)
 *(SORT_BY_INIT_PRIORITY(.fini_array.*) SORT_BY_INIT_PRIORITY(.dtors.*))
 *(.fini_array EXCLUDE_FILE(*crtend?.o *crtend.o *crtbegin?.o *crtbegin.o) .dtors)
                [!provide]                        PROVIDE (__fini_array_end = .)

.ctors
 *crtbegin.o(.ctors)
 *crtbegin?.o(.ctors)
 *(EXCLUDE_FILE(*crtend?.o *crtend.o) .ctors)
 *(SORT_BY_NAME(.ctors.*))
 *(.ctors)

.dtors
 *crtbegin.o(.dtors)
 *crtbegin?.o(.dtors)
 *(EXCLUDE_FILE(*crtend?.o *crtend.o) .dtors)
 *(SORT_BY_NAME(.dtors.*))
 *(.dtors)

.jcr
 *(.jcr)

.data.rel.ro
 *(.data.rel.ro.local* .gnu.linkonce.d.rel.ro.local.*)
 *(.data.rel.ro .data.rel.ro.* .gnu.linkonce.d.rel.ro.*)

.dynamic
 *(.dynamic)

.got            0x0000000008051000        0x0
 *(.got)
 .got           0x0000000008051000        0x0 lib/crt0.o
 *(.igot)
                0x0000000008051000                . = DATA_SEGMENT_RELRO_END (., (SIZEOF (.got.plt) >= 0xc)?0xc:0x0)

.got.plt        0x0000000008051000        0x0
 *(.got.plt)
 .got.plt       0x0000000008051000        0x0 lib/crt0.o
 *(.igot.plt)
 .igot.plt      0x0000000008051000        0x0 lib/crt0.o

.data           0x0000000008051000        0x8
 *(.data .data.* .gnu.linkonce.d.*)
 .data          0x0000000008051000        0x0 lib/crt0.o
 .data          0x0000000008051000        0x0 lib/setjmp.o
 .data          0x0000000008051000        0x0 lib/syscall-wrapper.o
 .data          0x0000000008051000        0x0 vm86call.o
 .data          0x0000000008051000        0x4 graphics.o
 .data          0x0000000008051004        0x0 main.o
 .data          0x0000000008051004        0x0 lib/sysconf.o
 .data          0x0000000008051004        0x0 lib/math.o
 .data          0x0000000008051004        0x0 lib/stdio.o
 .data          0x0000000008051004        0x4 lib/stdlib.o
 .data          0x0000000008051008        0x0 lib/qsort.o
 .data          0x0000000008051008        0x0 ../lib/softfloat.o
 .data          0x0000000008051008        0x0 ../lib/string.o
 .data          0x0000000008051008        0x0 ../lib/memcpy.o
 .data          0x0000000008051008        0x0 ../lib/memset.o
 .data          0x0000000008051008        0x0 ../lib/snprintf.o
 .data          0x0000000008051008        0x0 lib/malloc.o
 .data          0x0000000008051008        0x0 ../lib/tlsf/tlsf.o

.data1
 *(.data1)
                0x0000000008051008                _edata = .
                [!provide]                        PROVIDE (edata = .)
                0x0000000008051008                . = .
                0x0000000008051008                __bss_start = .

.bss            0x0000000008051020      0x324
 *(.dynbss)
 *(.bss .bss.* .gnu.linkonce.b.*)
 .bss           0x0000000008051020        0x0 lib/crt0.o
 .bss           0x0000000008051020        0x0 lib/setjmp.o
 .bss           0x0000000008051020        0x0 lib/syscall-wrapper.o
 .bss           0x0000000008051020        0x0 vm86call.o
 .bss           0x0000000008051020      0x320 graphics.o
                0x0000000008051020                _g_graphic_dev
 .bss           0x0000000008051340        0x0 main.o
 .bss           0x0000000008051340        0x0 lib/sysconf.o
 .bss           0x0000000008051340        0x0 lib/math.o
 .bss           0x0000000008051340        0x0 lib/stdio.o
 .bss           0x0000000008051340        0x0 lib/stdlib.o
 .bss           0x0000000008051340        0x0 lib/qsort.o
 .bss           0x0000000008051340        0x0 ../lib/softfloat.o
 .bss           0x0000000008051340        0x0 ../lib/string.o
 .bss           0x0000000008051340        0x0 ../lib/memcpy.o
 .bss           0x0000000008051340        0x0 ../lib/memset.o
 .bss           0x0000000008051340        0x0 ../lib/snprintf.o
 .bss           0x0000000008051340        0x0 lib/malloc.o
 .bss           0x0000000008051340        0x0 ../lib/tlsf/tlsf.o
 *(COMMON)
 COMMON         0x0000000008051340        0x4 lib/malloc.o
                0x0000000008051340                _g_heap
                0x0000000008051344                . = ALIGN ((. != 0x0)?0x4:0x1)
                0x0000000008051344                . = ALIGN (0x4)
                0x0000000008051344                . = SEGMENT_START ("ldata-segment", .)
                0x0000000008051344                . = ALIGN (0x4)
                0x0000000008051344                _end = .
                [!provide]                        PROVIDE (end = .)
                0x0000000008051344                . = DATA_SEGMENT_END (.)

.stab
 *(.stab)

.stabstr
 *(.stabstr)

.stab.excl
 *(.stab.excl)

.stab.exclstr
 *(.stab.exclstr)

.stab.index
 *(.stab.index)

.stab.indexstr
 *(.stab.indexstr)

.comment        0x0000000000000000       0x29
 *(.comment)
 .comment       0x0000000000000000       0x29 vm86call.o
                                         0x2a (size before relaxing)
 .comment       0x0000000000000029       0x2a graphics.o
 .comment       0x0000000000000029       0x2a main.o
 .comment       0x0000000000000029       0x2a lib/sysconf.o
 .comment       0x0000000000000029       0x2a lib/math.o
 .comment       0x0000000000000029       0x2a lib/stdio.o
 .comment       0x0000000000000029       0x2a lib/stdlib.o
 .comment       0x0000000000000029       0x2a lib/qsort.o
 .comment       0x0000000000000029       0x2a ../lib/softfloat.o
 .comment       0x0000000000000029       0x2a ../lib/string.o
 .comment       0x0000000000000029       0x2a ../lib/memcpy.o
 .comment       0x0000000000000029       0x2a ../lib/memset.o
 .comment       0x0000000000000029       0x2a ../lib/snprintf.o
 .comment       0x0000000000000029       0x2a lib/malloc.o
 .comment       0x0000000000000029       0x2a ../lib/tlsf/tlsf.o

.gnu.build.attributes
 *(.gnu.build.attributes .gnu.build.attributes.*)

.debug
 *(.debug)

.line
 *(.line)

.debug_srcinfo
 *(.debug_srcinfo)

.debug_sfnames
 *(.debug_sfnames)

.debug_aranges  0x0000000000000000      0x1e8
 *(.debug_aranges)
 .debug_aranges
                0x0000000000000000       0x20 vm86call.o
 .debug_aranges
                0x0000000000000020       0x20 graphics.o
 .debug_aranges
                0x0000000000000040       0x28 main.o
 .debug_aranges
                0x0000000000000068       0x20 lib/sysconf.o
 .debug_aranges
                0x0000000000000088       0x20 lib/math.o
 .debug_aranges
                0x00000000000000a8       0x20 lib/stdio.o
 .debug_aranges
                0x00000000000000c8       0x20 lib/stdlib.o
 .debug_aranges
                0x00000000000000e8       0x20 lib/qsort.o
 .debug_aranges
                0x0000000000000108       0x20 ../lib/softfloat.o
 .debug_aranges
                0x0000000000000128       0x20 ../lib/string.o
 .debug_aranges
                0x0000000000000148       0x20 ../lib/memcpy.o
 .debug_aranges
                0x0000000000000168       0x20 ../lib/memset.o
 .debug_aranges
                0x0000000000000188       0x20 ../lib/snprintf.o
 .debug_aranges
                0x00000000000001a8       0x20 lib/malloc.o
 .debug_aranges
                0x00000000000001c8       0x20 ../lib/tlsf/tlsf.o

.debug_pubnames
 *(.debug_pubnames)

.debug_info     0x0000000000000000     0x87bf
 *(.debug_info .gnu.linkonce.wi.*)
 .debug_info    0x0000000000000000      0x279 vm86call.o
 .debug_info    0x0000000000000279      0xbfd graphics.o
 .debug_info    0x0000000000000e76      0x25b main.o
 .debug_info    0x00000000000010d1       0x5d lib/sysconf.o
 .debug_info    0x000000000000112e      0x5fd lib/math.o
 .debug_info    0x000000000000172b      0x3d8 lib/stdio.o
 .debug_info    0x0000000000001b03      0x766 lib/stdlib.o
 .debug_info    0x0000000000002269      0xdae lib/qsort.o
 .debug_info    0x0000000000003017      0x43b ../lib/softfloat.o
 .debug_info    0x0000000000003452      0x726 ../lib/string.o
 .debug_info    0x0000000000003b78      0x2bf ../lib/memcpy.o
 .debug_info    0x0000000000003e37      0x11a ../lib/memset.o
 .debug_info    0x0000000000003f51     0x10ba ../lib/snprintf.o
 .debug_info    0x000000000000500b      0x227 lib/malloc.o
 .debug_info    0x0000000000005232     0x358d ../lib/tlsf/tlsf.o

.debug_abbrev   0x0000000000000000     0x1d42
 *(.debug_abbrev)
 .debug_abbrev  0x0000000000000000      0x11b vm86call.o
 .debug_abbrev  0x000000000000011b      0x384 graphics.o
 .debug_abbrev  0x000000000000049f      0x12b main.o
 .debug_abbrev  0x00000000000005ca       0x59 lib/sysconf.o
 .debug_abbrev  0x0000000000000623      0x27d lib/math.o
 .debug_abbrev  0x00000000000008a0      0x150 lib/stdio.o
 .debug_abbrev  0x00000000000009f0      0x2d5 lib/stdlib.o
 .debug_abbrev  0x0000000000000cc5      0x22b lib/qsort.o
 .debug_abbrev  0x0000000000000ef0      0x1ad ../lib/softfloat.o
 .debug_abbrev  0x000000000000109d      0x1df ../lib/string.o
 .debug_abbrev  0x000000000000127c       0xb8 ../lib/memcpy.o
 .debug_abbrev  0x0000000000001334       0xa0 ../lib/memset.o
 .debug_abbrev  0x00000000000013d4      0x35b ../lib/snprintf.o
 .debug_abbrev  0x000000000000172f      0x144 lib/malloc.o
 .debug_abbrev  0x0000000000001873      0x4cf ../lib/tlsf/tlsf.o

.debug_line     0x0000000000000000     0x586d
 *(.debug_line .debug_line.* .debug_line_end)
 .debug_line    0x0000000000000000      0x1b9 vm86call.o
 .debug_line    0x00000000000001b9      0x8bf graphics.o
 .debug_line    0x0000000000000a78      0x108 main.o
 .debug_line    0x0000000000000b80       0x4b lib/sysconf.o
 .debug_line    0x0000000000000bcb      0x3b4 lib/math.o
 .debug_line    0x0000000000000f7f      0x1cc lib/stdio.o
 .debug_line    0x000000000000114b      0x6f7 lib/stdlib.o
 .debug_line    0x0000000000001842      0x74c lib/qsort.o
 .debug_line    0x0000000000001f8e      0x27d ../lib/softfloat.o
 .debug_line    0x000000000000220b      0x519 ../lib/string.o
 .debug_line    0x0000000000002724      0x970 ../lib/memcpy.o
 .debug_line    0x0000000000003094      0x1a3 ../lib/memset.o
 .debug_line    0x0000000000003237      0xe12 ../lib/snprintf.o
 .debug_line    0x0000000000004049      0x110 lib/malloc.o
 .debug_line    0x0000000000004159     0x1714 ../lib/tlsf/tlsf.o

.debug_frame
 *(.debug_frame)

.debug_str      0x0000000000000000     0x1072
 *(.debug_str)
 .debug_str     0x0000000000000000      0x196 vm86call.o
                                        0x1c4 (size before relaxing)
 .debug_str     0x0000000000000196      0x3e1 graphics.o
                                        0x632 (size before relaxing)
 .debug_str     0x0000000000000577       0x64 main.o
                                        0x273 (size before relaxing)
 .debug_str     0x00000000000005db        0xe lib/sysconf.o
                                         0xfc (size before relaxing)
 .debug_str     0x00000000000005e9       0x81 lib/math.o
                                        0x1de (size before relaxing)
 .debug_str     0x000000000000066a       0x61 lib/stdio.o
                                        0x1d4 (size before relaxing)
 .debug_str     0x00000000000006cb       0xbe lib/stdlib.o
                                        0x25a (size before relaxing)
 .debug_str     0x0000000000000789       0x37 lib/qsort.o
                                        0x157 (size before relaxing)
 .debug_str     0x00000000000007c0       0x60 ../lib/softfloat.o
                                        0x1b3 (size before relaxing)
 .debug_str     0x0000000000000820       0xa3 ../lib/string.o
                                        0x1dd (size before relaxing)
 .debug_str     0x00000000000008c3       0x47 ../lib/memcpy.o
                                        0x1a0 (size before relaxing)
 .debug_str     0x000000000000090a       0x15 ../lib/memset.o
                                        0x18a (size before relaxing)
 .debug_str     0x000000000000091f       0xe2 ../lib/snprintf.o
                                        0x2a0 (size before relaxing)
 .debug_str     0x0000000000000a01       0x53 lib/malloc.o
                                        0x1a5 (size before relaxing)
 .debug_str     0x0000000000000a54      0x61e ../lib/tlsf/tlsf.o
                                        0x82e (size before relaxing)

.debug_loc      0x0000000000000000     0xc98d
 *(.debug_loc)
 .debug_loc     0x0000000000000000      0x22c vm86call.o
 .debug_loc     0x000000000000022c      0x9c8 graphics.o
 .debug_loc     0x0000000000000bf4       0x2a main.o
 .debug_loc     0x0000000000000c1e      0x78a lib/math.o
 .debug_loc     0x00000000000013a8      0x207 lib/stdio.o
 .debug_loc     0x00000000000015af      0xb90 lib/stdlib.o
 .debug_loc     0x000000000000213f     0x1977 lib/qsort.o
 .debug_loc     0x0000000000003ab6      0x685 ../lib/softfloat.o
 .debug_loc     0x000000000000413b      0xbea ../lib/string.o
 .debug_loc     0x0000000000004d25     0x1568 ../lib/memcpy.o
 .debug_loc     0x000000000000628d      0x241 ../lib/memset.o
 .debug_loc     0x00000000000064ce     0x28eb ../lib/snprintf.o
 .debug_loc     0x0000000000008db9       0x44 lib/malloc.o
 .debug_loc     0x0000000000008dfd     0x3b90 ../lib/tlsf/tlsf.o

.debug_macinfo
 *(.debug_macinfo)

.debug_weaknames
 *(.debug_weaknames)

.debug_funcnames
 *(.debug_funcnames)

.debug_typenames
 *(.debug_typenames)

.debug_varnames
 *(.debug_varnames)

.debug_pubtypes
 *(.debug_pubtypes)

.debug_ranges   0x0000000000000000     0x11d8
 *(.debug_ranges)
 .debug_ranges  0x0000000000000000       0x18 vm86call.o
 .debug_ranges  0x0000000000000018       0x18 graphics.o
 .debug_ranges  0x0000000000000030       0x18 main.o
 .debug_ranges  0x0000000000000048       0x50 lib/math.o
 .debug_ranges  0x0000000000000098       0x40 lib/stdlib.o
 .debug_ranges  0x00000000000000d8      0x310 lib/qsort.o
 .debug_ranges  0x00000000000003e8       0x50 ../lib/softfloat.o
 .debug_ranges  0x0000000000000438       0x70 ../lib/string.o
 .debug_ranges  0x00000000000004a8       0x98 ../lib/memcpy.o
 .debug_ranges  0x0000000000000540      0x200 ../lib/snprintf.o
 .debug_ranges  0x0000000000000740       0x18 lib/malloc.o
 .debug_ranges  0x0000000000000758      0xa80 ../lib/tlsf/tlsf.o

.debug_macro
 *(.debug_macro)

.debug_addr
 *(.debug_addr)

.gnu.attributes
 *(.gnu.attributes)

/DISCARD/
 *(.note.GNU-stack)
 *(.gnu_debuglink)
 *(.gnu.lto_*)
OUTPUT(a.out elf32-i386)
